
> backend@1.0.0 test
> cross-env NODE_ENV=test jest --detectOpenHandles --forceExit

  console.log
    ΓÜá∩╕Å REDIS_URL not found. BullMQ bypassed. Emails will send synchronously.

      at Object.log (config/queue.js:15:13)

  console.log
    {
      message: 'Server error',
      error: 'secretOrPrivateKey must have a value'
    }

      at Object.log (tests/auth.test.js:42:45)

node.exe : FAIL 
tests/auth.test.js
At C:\Program 
Files\nodejs\npm.ps1:29 
char:3
+   & $NODE_EXE $NPM_CLI_JS 
$args
+   
~~~~~~~~~~~~~~~~~~~~~~~~~~~~~
    + CategoryInfo           
   : NotSpecified: (FAIL te  
  sts/auth.test.js:String)   
  [], RemoteException
    + FullyQualifiedErrorId  
   : NativeCommandError
 
  Auth API Integration Tests
    ├ù should register a new 
user successfully (251 ms)
    ├ù should login an 
existing user (212 ms)
    ├ù should fail to login 
with wrong password (226 ms)

  ΓùÅ Auth API Integration 
Tests ΓÇ║ should register a 
new user successfully

    expect(received).toBe(exp
ected) // Object.is equality

    Expected: 201
    Received: 500

    [0m [90m 42 |[39m     
    [36mif[39m 
(res[33m.[39mstatusCode 
[33m!==[39m [35m201[39m) 
console[33m.[39mlog(res[33
m.[39mbody)[33m;[39m
     [90m 43 |[39m
    
[31m[1m>[22m[39m[90m 44 
|[39m         expect(res[33
m.[39mstatusCode)[33m.[39m
toBe([35m201[39m)[33m;[39
m
     [90m    |[39m         
                       
[31m[1m^[22m[39m
     [90m 45 |[39m         
expect(res[33m.[39mbody)[3
3m.[39mtoHaveProperty([32m'
token'[39m)[33m;[39m
     [90m 46 |[39m         
expect(res[33m.[39mbody[33
m.[39muser)[33m.[39mtoHave
Property([32m'email'[39m[3
3m,[39m [32m'test@hr.com'[
39m)[33m;[39m
     [90m 47 |[39m         
expect(res[33m.[39mbody[33
m.[39muser)[33m.[39mtoHave
Property([32m'role'[39m[33
m,[39m [32m'HR'[39m)[33m;
[39m[0m

      at Object.toBe 
(tests/auth.test.js:44:32)

  ΓùÅ Auth API Integration 
Tests ΓÇ║ should login an 
existing user

    expect(received).toBe(exp
ected) // Object.is equality

    Expected: 200
    Received: 500

    [0m [90m 72 |[39m     
        })[33m;[39m
     [90m 73 |[39m
    
[31m[1m>[22m[39m[90m 74 
|[39m         expect(res[33
m.[39mstatusCode)[33m.[39m
toBe([35m200[39m)[33m;[39
m
     [90m    |[39m         
                       
[31m[1m^[22m[39m
     [90m 75 |[39m         
expect(res[33m.[39mbody)[3
3m.[39mtoHaveProperty([32m'
token'[39m)[33m;[39m
     [90m 76 |[39m         
expect(res[33m.[39mbody[33
m.[39muser)[33m.[39mtoHave
Property([32m'role'[39m[33
m,[39m [32m'Candidate'[39m
)[33m;[39m
     [90m 77 |[39m     
})[33m;[39m[0m

      at Object.toBe 
(tests/auth.test.js:74:32)

  ΓùÅ Auth API Integration 
Tests ΓÇ║ should fail to 
login with wrong password

    expect(received).toHavePr
operty(path, value)

    Expected path: "message"

    Expected value: "Invalid 
credentials"
    Received value: "Invalid 
email or password"

    [0m [90m  95 |[39m
     [90m  96 |[39m        
 expect(res[33m.[39mstatusC
ode)[33m.[39mtoBe([35m401
[39m)[33m;[39m
    
[31m[1m>[22m[39m[90m  
97 |[39m         expect(res
[33m.[39mbody)[33m.[39mtoH
aveProperty([32m'message'[3
9m[33m,[39m [32m'Invalid 
credentials'[39m)[33m;[39m
     [90m     |[39m        
                  
[31m[1m^[22m[39m
     [90m  98 |[39m     
})[33m;[39m
     [90m  99 |[39m 
})[33m;[39m
     [90m 100 |[39m[0m

      at 
Object.toHaveProperty 
(tests/auth.test.js:97:26)

Test Suites: 1 failed, 1 
total
Tests:       3 failed, 3 
total
Snapshots:   0 total
Time:        2.882 s, 
estimated 3 s
Ran all test suites.
